2026-01-31T23:36:16+01:00 ::1 HTTP:200 ERR:- {
  "success": true,
  "challenge_ts": "2026-01-31T22:35:44Z",
  "hostname": "localhost"
}
2026-01-31T23:37:51+01:00 ::1 HTTP:200 ERR:- {
  "success": true,
  "challenge_ts": "2026-01-31T22:37:33Z",
  "hostname": "localhost"
}
2026-01-31T23:39:27+01:00 ::1 HTTP:200 ERR:- {
  "success": true,
  "challenge_ts": "2026-01-31T22:39:13Z",
  "hostname": "localhost"
}
2026-02-02T20:52:05+01:00 ::1 HTTP:200 ERR:- {
  "success": true,
  "challenge_ts": "2026-02-02T19:51:40Z",
  "hostname": "localhost"
}
2026-02-03T04:08:44+01:00 ::1 HTTP:0 ERR:Resolving timed out after 10007 milliseconds NO_RESPONSE
2026-02-03T04:08:58+01:00 ::1 HTTP:200 ERR:- {
  "success": true,
  "challenge_ts": "2026-02-03T03:08:50Z",
  "hostname": "localhost"
}
2026-02-03T04:10:31+01:00 ::1 HTTP:200 ERR:- {
  "success": true,
  "challenge_ts": "2026-02-03T03:09:50Z",
  "hostname": "localhost"
}
2026-02-03T05:05:15+01:00 ::1 HTTP:200 ERR:- {
  "success": true,
  "challenge_ts": "2026-02-03T04:05:07Z",
  "hostname": "localhost"
}
2026-02-03T06:53:26+01:00 ::1 HTTP:200 ERR:- {
  "success": true,
  "challenge_ts": "2026-02-03T05:53:17Z",
  "hostname": "localhost"
}
2026-02-03T08:45:48+01:00 ::1 HTTP:200 ERR:- {
  "success": true,
  "challenge_ts": "2026-02-03T07:45:38Z",
  "hostname": "localhost"
}
2026-02-03T09:15:45+01:00 ::1 HTTP:200 ERR:- {
  "success": true,
  "challenge_ts": "2026-02-03T08:15:37Z",
  "hostname": "localhost"
}
2026-02-03T09:24:50+01:00 ::1 HTTP:200 ERR:- {
  "success": true,
  "challenge_ts": "2026-02-03T08:24:37Z",
  "hostname": "localhost"
}
2026-02-03T09:25:25+01:00 ::1 HTTP:200 ERR:- {
  "success": true,
  "challenge_ts": "2026-02-03T08:25:14Z",
  "hostname": "localhost"
}
2026-02-03T09:25:54+01:00 ::1 HTTP:200 ERR:- {
  "success": true,
  "challenge_ts": "2026-02-03T08:25:33Z",
  "hostname": "localhost"
}
2026-02-03T09:26:51+01:00 ::1 HTTP:200 ERR:- {
  "success": true,
  "challenge_ts": "2026-02-03T08:26:30Z",
  "hostname": "localhost"
}
2026-02-03T09:27:58+01:00 ::1 HTTP:200 ERR:- {
  "success": true,
  "challenge_ts": "2026-02-03T08:27:32Z",
  "hostname": "localhost"
}
2026-02-03T09:28:53+01:00 ::1 HTTP:200 ERR:- {
  "success": true,
  "challenge_ts": "2026-02-03T08:28:39Z",
  "hostname": "localhost"
}
2026-02-03T09:29:53+01:00 ::1 HTTP:200 ERR:- {
  "success": true,
  "challenge_ts": "2026-02-03T08:29:31Z",
  "hostname": "localhost"
}
2026-02-03T09:34:56+01:00 ::1 HTTP:200 ERR:- {
  "success": true,
  "challenge_ts": "2026-02-03T08:30:08Z",
  "hostname": "localhost"
}
2026-02-03T09:37:52+01:00 ::1 HTTP:200 ERR:- {
  "success": true,
  "challenge_ts": "2026-02-03T08:37:36Z",
  "hostname": "localhost"
}
2026-02-03T09:39:04+01:00 ::1 HTTP:200 ERR:- {
  "success": true,
  "challenge_ts": "2026-02-03T08:38:45Z",
  "hostname": "localhost"
}
2026-02-03T09:40:12+01:00 ::1 HTTP:200 ERR:- {
  "success": true,
  "challenge_ts": "2026-02-03T08:39:53Z",
  "hostname": "localhost"
}
2026-02-03T09:41:16+01:00 ::1 HTTP:200 ERR:- {
  "success": true,
  "challenge_ts": "2026-02-03T08:41:04Z",
  "hostname": "localhost"
}
2026-02-03T09:44:07+01:00 ::1 HTTP:200 ERR:- {
  "success": true,
  "challenge_ts": "2026-02-03T08:43:29Z",
  "hostname": "localhost"
}
2026-02-03T09:45:07+01:00 ::1 HTTP:200 ERR:- {
  "success": true,
  "challenge_ts": "2026-02-03T08:44:52Z",
  "hostname": "localhost"
}
2026-02-03T18:37:28+01:00 ::1 HTTP:200 ERR:- {
  "success": true,
  "challenge_ts": "2026-02-03T17:37:25Z",
  "hostname": "localhost"
}
2026-02-03T19:21:33+01:00 ::1 HTTP:200 ERR:- {
  "success": true,
  "challenge_ts": "2026-02-03T18:19:36Z",
  "hostname": "localhost"
}
